# Base error document
